// Jest Snapshot v1, https://goo.gl/fbAQLP

exports[`Copy renders correctly 1`] = `ShallowWrapper {}`;
