// Jest Snapshot v1, https://goo.gl/fbAQLP

exports[`HorizontalLine renders correctly 1`] = `ShallowWrapper {}`;
