// Jest Snapshot v1, https://goo.gl/fbAQLP

exports[`Primary Button renders correctly 1`] = `ShallowWrapper {}`;
