// Jest Snapshot v1, https://goo.gl/fbAQLP

exports[`Light Switch renders correctly 1`] = `ShallowWrapper {}`;
