// Jest Snapshot v1, https://goo.gl/fbAQLP

exports[`Price Checker renders correctly 1`] = `ShallowWrapper {}`;
