// Jest Snapshot v1, https://goo.gl/fbAQLP

exports[`Secondary Button renders correctly 1`] = `ShallowWrapper {}`;
